
> koby-ai-landing@0.1.0 build
> next build

[baseline-browser-mapping] The data in this module is over two months old.  To ensure accurate Baseline data, please update: `npm i baseline-browser-mapping@latest -D`
⚠ Warning: Next.js inferred your workspace root, but it may not be correct.
 We detected multiple lockfiles and selected the directory of /Users/avidhaliwal/bun.lock as the root directory.
 To silence this warning, set `turbopack.root` in your Next.js config, or consider removing one of the lockfiles if it's not needed.
   See https://nextjs.org/docs/app/api-reference/config/next-config-js/turbopack#root-directory for more information.
 Detected additional lockfiles: 
   * /Users/avidhaliwal/Desktop/Projects/new-front-end/package-lock.json

▲ Next.js 16.1.1 (Turbopack)
- Environments: .env.local

⚠ The "middleware" file convention is deprecated. Please use "proxy" instead. Learn more: https://nextjs.org/docs/messages/middleware-to-proxy
  Creating an optimized production build ...
[baseline-browser-mapping] The data in this module is over two months old.  To ensure accurate Baseline data, please update: `npm i baseline-browser-mapping@latest -D`
[baseline-browser-mapping] The data in this module is over two months old.  To ensure accurate Baseline data, please update: `npm i baseline-browser-mapping@latest -D`
✓ Compiled successfully in 3.2s
  Running TypeScript ...
  Collecting page data using 15 workers ...
[baseline-browser-mapping] The data in this module is over two months old.  To ensure accurate Baseline data, please update: `npm i baseline-browser-mapping@latest -D`
[baseline-browser-mapping] The data in this module is over two months old.  To ensure accurate Baseline data, please update: `npm i baseline-browser-mapping@latest -D`
[baseline-browser-mapping] The data in this module is over two months old.  To ensure accurate Baseline data, please update: `npm i baseline-browser-mapping@latest -D`
[baseline-browser-mapping] The data in this module is over two months old.  To ensure accurate Baseline data, please update: `npm i baseline-browser-mapping@latest -D`
[baseline-browser-mapping] The data in this module is over two months old.  To ensure accurate Baseline data, please update: `npm i baseline-browser-mapping@latest -D`
[baseline-browser-mapping] The data in this module is over two months old.  To ensure accurate Baseline data, please update: `npm i baseline-browser-mapping@latest -D`
[baseline-browser-mapping] The data in this module is over two months old.  To ensure accurate Baseline data, please update: `npm i baseline-browser-mapping@latest -D`
[baseline-browser-mapping] The data in this module is over two months old.  To ensure accurate Baseline data, please update: `npm i baseline-browser-mapping@latest -D`
[baseline-browser-mapping] The data in this module is over two months old.  To ensure accurate Baseline data, please update: `npm i baseline-browser-mapping@latest -D`
[baseline-browser-mapping] The data in this module is over two months old.  To ensure accurate Baseline data, please update: `npm i baseline-browser-mapping@latest -D`
[baseline-browser-mapping] The data in this module is over two months old.  To ensure accurate Baseline data, please update: `npm i baseline-browser-mapping@latest -D`
[baseline-browser-mapping] The data in this module is over two months old.  To ensure accurate Baseline data, please update: `npm i baseline-browser-mapping@latest -D`
[baseline-browser-mapping] The data in this module is over two months old.  To ensure accurate Baseline data, please update: `npm i baseline-browser-mapping@latest -D`
[baseline-browser-mapping] The data in this module is over two months old.  To ensure accurate Baseline data, please update: `npm i baseline-browser-mapping@latest -D`
[baseline-browser-mapping] The data in this module is over two months old.  To ensure accurate Baseline data, please update: `npm i baseline-browser-mapping@latest -D`
  Generating static pages using 15 workers (0/41) ...
  Generating static pages using 15 workers (10/41) 
  Generating static pages using 15 workers (20/41) 
⨯ useSearchParams() should be wrapped in a suspense boundary at page "/portal". Read more: https://nextjs.org/docs/messages/missing-suspense-with-csr-bailout
    at Q (/Users/avidhaliwal/Desktop/Projects/new-front-end/.next/server/chunks/ssr/15e9d_next_b7ec9387._.js:2:2111)
    at o (/Users/avidhaliwal/Desktop/Projects/new-front-end/.next/server/chunks/ssr/15e9d_next_b7ec9387._.js:4:5283)
    at j (/Users/avidhaliwal/Desktop/Projects/new-front-end/.next/server/chunks/ssr/Desktop_Projects_new-front-end_d2885bb3._.js:1:11352)
    at an (/Users/avidhaliwal/Desktop/Projects/new-front-end/node_modules/next/dist/compiled/next-server/app-page-turbo.runtime.prod.js:2:84360)
    at ai (/Users/avidhaliwal/Desktop/Projects/new-front-end/node_modules/next/dist/compiled/next-server/app-page-turbo.runtime.prod.js:2:86179)
    at ai (/Users/avidhaliwal/Desktop/Projects/new-front-end/node_modules/next/dist/compiled/next-server/app-page-turbo.runtime.prod.js:2:104708)
    at al (/Users/avidhaliwal/Desktop/Projects/new-front-end/node_modules/next/dist/compiled/next-server/app-page-turbo.runtime.prod.js:2:107953)
    at as (/Users/avidhaliwal/Desktop/Projects/new-front-end/node_modules/next/dist/compiled/next-server/app-page-turbo.runtime.prod.js:2:105368)
    at am (/Users/avidhaliwal/Desktop/Projects/new-front-end/node_modules/next/dist/compiled/next-server/app-page-turbo.runtime.prod.js:2:112882)
    at au (/Users/avidhaliwal/Desktop/Projects/new-front-end/node_modules/next/dist/compiled/next-server/app-page-turbo.runtime.prod.js:2:109985)
Error occurred prerendering page "/portal". Read more: https://nextjs.org/docs/messages/prerender-error
Export encountered an error on /portal/page: /portal, exiting the build.
⨯ Next.js build worker exited with code: 1 and signal: null
